
> vitthsotre-front@0.0.0 build
> ng build

[33mÔØ»[39m Building...
[32mÔ£ö[39m Building...
Application bundle generation failed. [2.706 seconds] - 2026-02-19T05:18:08.194Z

node.exe : 
[1m[31m[31mX [41;3
1m[[41;97mERROR[41;3
1m][0m [1mCould not 
resolve "@angular/anim
ations/browser"[0m
No linha:1 caractere:1
+ & "C:\nvm4w\nodejs/n
ode.exe" "C:\nvm4w\nod
ejs/node_modules/npm/b
in/np ...
+ ~~~~~~~~~~~~~~~~~~~~
~~~~~~~~~~~~~~~~~~~~~~
~~~~~~~~~~~~~~~~~~~~~~
~~~~~
    + CategoryInfo    
          : NotSpeci  
  fied: ([1m[31m   
 [31mX...ns/browse    
r"[0m:String) []    
, RemoteException
    + FullyQualifiedE 
   rrorId : NativeCo  
  mmandError
 

    node_modules/@angu
lar/platform-browser/f
esm2022/animations-asy
nc.mjs:37:53:
[37m      37 Ôöé 
....moduleImpl ?? impo
rt([32m'@angular/anim
ations/browser'[37m).
then(m => m);
         ÔòÁ          
                [32m~
~~~~~~~~~~~~~~~~~~~~~~
~~~~~~[0m

  You can mark the 
path "@angular/animati
ons/browser" as 
external to exclude 
it from the bundle, 
which will remove 
this error and leave 
the unresolved path 
in the bundle. You 
can also add 
".catch()" here to 
handle this failure 
at run-time instead 
of bundle-time.

[39m[22m
